../Core/Src/oled.c:12:10:OLED_GET_FPS	4	static
../Core/Src/oled.c:19:6:OLED_DrawUpperLowerBorder	32	static
../Core/Src/oled.c:52:6:OLED_ShowImage	40	static
../Core/Src/oled.c:82:6:OLED_ShowImageWithFadeIn	56	static
../Core/Src/oled.c:122:6:OLED_Printf	132	static
../Core/Src/oled.c:139:6:OLED_Printf_Centered	128	static
../Core/Src/oled.c:169:6:OLED_Printf_Wrap	132	static
../Core/Src/oled.c:207:6:OLED_Show_Chinese	24	static
../Core/Src/oled.c:250:6:OLED_ShowChar	24	static
../Core/Src/oled.c:327:6:OLED_Draw_Auto_Rounded_Rectangle	48	static
../Core/Src/oled.c:382:6:OLED_Draw_Rounded_Rect	40	static
../Core/Src/oled.c:437:6:OLED_Draw_Clear_Rectangle	32	static
../Core/Src/oled.c:461:6:OLED_Draw_Clear_Circle	32	static
../Core/Src/oled.c:489:6:OLED_Draw_Clear_Line	48	static
../Core/Src/oled.c:543:6:OLED_Draw_Clear_Point	24	static
../Core/Src/oled.c:560:9:OLED_Get_Clear_Point	24	static
../Core/Src/oled.c:576:6:OLED_Reflash	16	static
../Core/Src/oled.c:623:6:OLED_GRAM_CLR	16	static
../Core/Src/oled.c:635:6:OLED_Display_On	8	static
../Core/Src/oled.c:642:6:OLED_Display_Off	8	static
../Core/Src/oled.c:650:6:OLED_Init	8	static
../Core/Src/oled.c:706:6:OLED_WriteCmd	16	static
../Core/Src/oled.c:720:6:OLED_WriteData	16	static
../Core/Src/oled.c:734:6:Software_SPI_Write	24	static
../Core/Src/oled.c:746:6:Hardware_SPI_Write	16	static
../Core/Src/oled.c:752:6:menu_show	24	static
